 
****************************************
Report : qor
Design : CarrySelectAdder
Version: U-2022.12-SP7
Date   : Tue Dec 12 13:47:07 2023
****************************************


  Timing Path Group 'vsysclk'
  -----------------------------------
  Levels of Logic:              34.00
  Critical Path Length:          6.27
  Critical Path Slack:          12.23
  Critical Path Clk Period:     20.00
  Total Negative Slack:          0.00
  No. of Violating Paths:        0.00
  Worst Hold Violation:          0.00
  Total Hold Violation:          0.00
  No. of Hold Violations:        0.00
  -----------------------------------


  Cell Count
  -----------------------------------
  Hierarchical Cell Count:         64
  Hierarchical Port Count:        320
  Leaf Cell Count:                229
  Buf/Inv Cell Count:               4
  Buf Cell Count:                   0
  Inv Cell Count:                   4
  CT Buf/Inv Cell Count:            0
  Combinational Cell Count:       229
  Sequential Cell Count:            0
  Macro Count:                      0
  -----------------------------------


  Area
  -----------------------------------
  Combinational Area:     2953.728015
  Noncombinational Area:     0.000000
  Buf/Inv Area:             22.118401
  Total Buffer Area:             0.00
  Total Inverter Area:          22.12
  Macro/Black Box Area:      0.000000
  Net Area:                119.973727
  -----------------------------------
  Cell Area:              2953.728015
  Design Area:            3073.701742


  Design Rules
  -----------------------------------
  Total Number of Nets:           296
  Nets With Violations:             0
  Max Trans Violations:             0
  Max Cap Violations:               0
  -----------------------------------


  Hostname: ip-172-31-17-209.ec2.internal

  Compile CPU Statistics
  -----------------------------------------
  Resource Sharing:                    0.01
  Logic Optimization:                  0.05
  Mapping Optimization:                0.12
  -----------------------------------------
  Overall Compile Time:                0.57
  Overall Compile Wall Clock Time:     0.80

  --------------------------------------------------------------------

  Design  WNS: 0.00  TNS: 0.00  Number of Violating Paths: 0


  Design (Hold)  WNS: 0.00  TNS: 0.00  Number of Violating Paths: 0

  --------------------------------------------------------------------


1
