 
****************************************
Report : cell
Design : CarrySelectAdder
Version: U-2022.12-SP7
Date   : Tue Dec 12 13:47:07 2023
****************************************

Attributes:
    b - black box (unknown)
    h - hierarchical
    n - noncombinational
    r - removable
    u - contains unmapped logic

Cell                      Reference       Library             Area  Attributes
--------------------------------------------------------------------------------
U4                        AO22X1          saed90nm_typ_ht 11.980800 
U5                        AO22X1          saed90nm_typ_ht 11.980800 
U6                        AO22X1          saed90nm_typ_ht 11.980800 
U7                        AO22X1          saed90nm_typ_ht 11.980800 
U8                        AO22X1          saed90nm_typ_ht 11.980800 
U9                        AO22X1          saed90nm_typ_ht 11.980800 
U10                       AO22X1          saed90nm_typ_ht 11.980800 
U11                       AO22X1          saed90nm_typ_ht 11.980800 
U12                       AO22X1          saed90nm_typ_ht 11.980800 
U13                       AO22X1          saed90nm_typ_ht 11.980800 
U14                       AO22X1          saed90nm_typ_ht 11.980800 
U15                       AO22X1          saed90nm_typ_ht 11.980800 
U16                       AO22X1          saed90nm_typ_ht 11.980800 
U17                       AO22X1          saed90nm_typ_ht 11.980800 
U18                       AO22X1          saed90nm_typ_ht 11.980800 
U19                       AO22X1          saed90nm_typ_ht 11.980800 
U20                       AO22X1          saed90nm_typ_ht 11.980800 
U21                       AO22X1          saed90nm_typ_ht 11.980800 
U22                       AO22X1          saed90nm_typ_ht 11.980800 
U23                       AO22X1          saed90nm_typ_ht 11.980800 
U24                       AO22X1          saed90nm_typ_ht 11.980800 
U25                       AO22X1          saed90nm_typ_ht 11.980800 
U26                       AO22X1          saed90nm_typ_ht 11.980800 
U27                       AO22X1          saed90nm_typ_ht 11.980800 
U28                       AO22X1          saed90nm_typ_ht 11.980800 
U29                       AO22X1          saed90nm_typ_ht 11.980800 
U30                       AO22X1          saed90nm_typ_ht 11.980800 
U31                       AO22X1          saed90nm_typ_ht 11.980800 
U32                       AO22X1          saed90nm_typ_ht 11.980800 
U33                       AO22X1          saed90nm_typ_ht 11.980800 
U34                       AO22X1          saed90nm_typ_ht 11.980800 
U35                       AO22X1          saed90nm_typ_ht 11.980800 
U36                       AO22X1          saed90nm_typ_ht 11.980800 
U37                       INVX0           saed90nm_typ_ht 5.529600  
U38                       INVX0           saed90nm_typ_ht 5.529600  
U39                       INVX0           saed90nm_typ_ht 5.529600  
U40                       INVX0           saed90nm_typ_ht 5.529600  
genblk1[0].add0           FullAdder_32                    39.628800 h
genblk1[0].add1           FullAdder_95                    39.628800 h
genblk1[1].add0           FullAdder_94                    39.628800 h
genblk1[1].add1           FullAdder_93                    39.628800 h
genblk1[2].add0           FullAdder_92                    39.628800 h
genblk1[2].add1           FullAdder_91                    39.628800 h
genblk1[3].add0           FullAdder_90                    39.628800 h
genblk1[3].add1           FullAdder_89                    39.628800 h
genblk1[4].add0           FullAdder_88                    39.628800 h
genblk1[4].add1           FullAdder_87                    39.628800 h
genblk1[5].add0           FullAdder_86                    39.628800 h
genblk1[5].add1           FullAdder_85                    39.628800 h
genblk1[6].add0           FullAdder_84                    39.628800 h
genblk1[6].add1           FullAdder_83                    39.628800 h
genblk1[7].add0           FullAdder_82                    39.628800 h
genblk1[7].add1           FullAdder_81                    39.628800 h
genblk1[8].add0           FullAdder_80                    39.628800 h
genblk1[8].add1           FullAdder_79                    39.628800 h
genblk1[9].add0           FullAdder_78                    39.628800 h
genblk1[9].add1           FullAdder_77                    39.628800 h
genblk1[10].add0          FullAdder_76                    39.628800 h
genblk1[10].add1          FullAdder_75                    39.628800 h
genblk1[11].add0          FullAdder_74                    39.628800 h
genblk1[11].add1          FullAdder_73                    39.628800 h
genblk1[12].add0          FullAdder_72                    39.628800 h
genblk1[12].add1          FullAdder_71                    39.628800 h
genblk1[13].add0          FullAdder_70                    39.628800 h
genblk1[13].add1          FullAdder_69                    39.628800 h
genblk1[14].add0          FullAdder_68                    39.628800 h
genblk1[14].add1          FullAdder_67                    39.628800 h
genblk1[15].add0          FullAdder_66                    39.628800 h
genblk1[15].add1          FullAdder_65                    39.628800 h
genblk1[16].add0          FullAdder_64                    39.628800 h
genblk1[16].add1          FullAdder_63                    39.628800 h
genblk1[17].add0          FullAdder_62                    39.628800 h
genblk1[17].add1          FullAdder_61                    39.628800 h
genblk1[18].add0          FullAdder_60                    39.628800 h
genblk1[18].add1          FullAdder_59                    39.628800 h
genblk1[19].add0          FullAdder_58                    39.628800 h
genblk1[19].add1          FullAdder_57                    39.628800 h
genblk1[20].add0          FullAdder_56                    39.628800 h
genblk1[20].add1          FullAdder_55                    39.628800 h
genblk1[21].add0          FullAdder_54                    39.628800 h
genblk1[21].add1          FullAdder_53                    39.628800 h
genblk1[22].add0          FullAdder_52                    39.628800 h
genblk1[22].add1          FullAdder_51                    39.628800 h
genblk1[23].add0          FullAdder_50                    39.628800 h
genblk1[23].add1          FullAdder_49                    39.628800 h
genblk1[24].add0          FullAdder_48                    39.628800 h
genblk1[24].add1          FullAdder_47                    39.628800 h
genblk1[25].add0          FullAdder_46                    39.628800 h
genblk1[25].add1          FullAdder_45                    39.628800 h
genblk1[26].add0          FullAdder_44                    39.628800 h
genblk1[26].add1          FullAdder_43                    39.628800 h
genblk1[27].add0          FullAdder_42                    39.628800 h
genblk1[27].add1          FullAdder_41                    39.628800 h
genblk1[28].add0          FullAdder_40                    39.628800 h
genblk1[28].add1          FullAdder_39                    39.628800 h
genblk1[29].add0          FullAdder_38                    39.628800 h
genblk1[29].add1          FullAdder_37                    39.628800 h
genblk1[30].add0          FullAdder_36                    39.628800 h
genblk1[30].add1          FullAdder_35                    39.628800 h
genblk1[31].add0          FullAdder_34                    39.628800 h
genblk1[31].add1          FullAdder_33                    39.628800 h
--------------------------------------------------------------------------------
Total 101 cells                                           2953.728015
1
