 
****************************************
Report : area
Design : SyncBoothMultiplier
Version: U-2022.12-SP7
Date   : Sun Dec 24 12:29:43 2023
****************************************

Information: Updating design information... (UID-85)
Library(s) Used:

    NangateOpenCellLibrary_ss0p95vn40c (File: /home/user55/Documents/NangateOpenCellLibrary_PDKv1_3_v2010_12/lib/Front_End/Liberty/NLDM/NangateOpenCellLibrary_ss0p95vn40c.db)

Number of ports:                         6694
Number of nets:                         14647
Number of cells:                         6382
Number of combinational cells:           6123
Number of sequential cells:               128
Number of macros/black boxes:               0
Number of buf/inv:                       2772
Number of references:                       4

Combinational area:              12427.520093
Buf/Inv area:                     1654.253996
Noncombinational area:             578.815979
Macro/Black Box area:                0.000000
Net Interconnect area:      undefined  (Wire load has zero net area)

Total cell area:                 13006.336072
Total area:                 undefined
1
