 
****************************************
Report : resources
Design : NormalAdder
Version: U-2022.12-SP7
Date   : Tue Dec 12 13:10:05 2023
****************************************

Resource Sharing Report for design NormalAdder in file ./source/normal_adder.v

===============================================================================
|          |              |            | Contained     |                      |
| Resource | Module       | Parameters | Resources     | Contained Operations |
===============================================================================
| r53      | DW01_add     | width=32   |               | add_7                |
===============================================================================


Implementation Report
===============================================================================
|                    |                  | Current            | Set            |
| Cell               | Module           | Implementation     | Implementation |
===============================================================================
| add_7              | DW01_add         | rpl                |                |
===============================================================================

1
