 
****************************************
Report : cell
Design : RippleAdder
Version: U-2022.12-SP7
Date   : Tue Dec 12 13:42:32 2023
****************************************

Attributes:
    b - black box (unknown)
    h - hierarchical
    n - noncombinational
    r - removable
    u - contains unmapped logic

Cell                      Reference       Library             Area  Attributes
--------------------------------------------------------------------------------
genblk1[0].uut            FullAdder_0                     39.628800 h
genblk1[1].uut            FullAdder_31                    39.628800 h
genblk1[2].uut            FullAdder_30                    39.628800 h
genblk1[3].uut            FullAdder_29                    39.628800 h
genblk1[4].uut            FullAdder_28                    39.628800 h
genblk1[5].uut            FullAdder_27                    39.628800 h
genblk1[6].uut            FullAdder_26                    39.628800 h
genblk1[7].uut            FullAdder_25                    39.628800 h
genblk1[8].uut            FullAdder_24                    39.628800 h
genblk1[9].uut            FullAdder_23                    39.628800 h
genblk1[10].uut           FullAdder_22                    39.628800 h
genblk1[11].uut           FullAdder_21                    39.628800 h
genblk1[12].uut           FullAdder_20                    39.628800 h
genblk1[13].uut           FullAdder_19                    39.628800 h
genblk1[14].uut           FullAdder_18                    39.628800 h
genblk1[15].uut           FullAdder_17                    39.628800 h
genblk1[16].uut           FullAdder_16                    39.628800 h
genblk1[17].uut           FullAdder_15                    39.628800 h
genblk1[18].uut           FullAdder_14                    39.628800 h
genblk1[19].uut           FullAdder_13                    39.628800 h
genblk1[20].uut           FullAdder_12                    39.628800 h
genblk1[21].uut           FullAdder_11                    39.628800 h
genblk1[22].uut           FullAdder_10                    39.628800 h
genblk1[23].uut           FullAdder_9                     39.628800 h
genblk1[24].uut           FullAdder_8                     39.628800 h
genblk1[25].uut           FullAdder_7                     39.628800 h
genblk1[26].uut           FullAdder_6                     39.628800 h
genblk1[27].uut           FullAdder_5                     39.628800 h
genblk1[28].uut           FullAdder_4                     39.628800 h
genblk1[29].uut           FullAdder_3                     39.628800 h
genblk1[30].uut           FullAdder_2                     39.628800 h
genblk1[31].uut           FullAdder_1                     39.628800 h
--------------------------------------------------------------------------------
Total 32 cells                                            1268.121613
1
