 
****************************************
Report : area
Design : CarryBypassAdder
Version: U-2022.12-SP7
Date   : Tue Dec 12 13:57:34 2023
****************************************

Information: Updating design information... (UID-85)
Library(s) Used:

    saed90nm_typ_ht (File: /home/user55/Downloads/Lab4/ref/models/saed90nm_typ_ht.db)

Number of ports:                          522
Number of nets:                           641
Number of cells:                          208
Number of combinational cells:            152
Number of sequential cells:                 0
Number of macros/black boxes:               0
Number of buf/inv:                          8
Number of references:                       8

Combinational area:               1924.300819
Buf/Inv area:                       44.236801
Noncombinational area:               0.000000
Macro/Black Box area:                0.000000
Net Interconnect area:              64.093774

Total cell area:                  1924.300819
Total area:                       1988.394593
1
