 
****************************************
Report : cell
Design : WallaceTreeMultiplier
Version: U-2022.12-SP7
Date   : Sun Dec 24 12:12:45 2023
****************************************

Attributes:
    b - black box (unknown)
    h - hierarchical
    n - noncombinational
    r - removable
    u - contains unmapped logic

Cell                      Reference       Library             Area  Attributes
--------------------------------------------------------------------------------
WT                        wallace_multiplier              7284.942019
                                                                    h
registerIn1               Register32bit_4                 181.677995
                                                                    h, n
registerIn2               Register32bit_5                 181.677995
                                                                    h, n
registerOut               Register64bit                   364.419990
                                                                    h, n
--------------------------------------------------------------------------------
Total 4 cells                                             8012.717999
1
